Archive member included because of file (symbol)

c:/program files (x86)/atmel/atmel toolchain/avr8 gcc/native/3.4.1061/avr8-gnu-toolchain/bin/../lib/gcc/avr/4.8.1/../../../../avr/lib/avr51\libm.a(addsf3.o)
                              src/sweep.o (__addsf3)
c:/program files (x86)/atmel/atmel toolchain/avr8 gcc/native/3.4.1061/avr8-gnu-toolchain/bin/../lib/gcc/avr/4.8.1/../../../../avr/lib/avr51\libm.a(addsf3x.o)
                              c:/program files (x86)/atmel/atmel toolchain/avr8 gcc/native/3.4.1061/avr8-gnu-toolchain/bin/../lib/gcc/avr/4.8.1/../../../../avr/lib/avr51\libm.a(addsf3.o) (__addsf3x)
c:/program files (x86)/atmel/atmel toolchain/avr8 gcc/native/3.4.1061/avr8-gnu-toolchain/bin/../lib/gcc/avr/4.8.1/../../../../avr/lib/avr51\libm.a(cmpsf2.o)
                              src/sweep.o (__eqsf2)
c:/program files (x86)/atmel/atmel toolchain/avr8 gcc/native/3.4.1061/avr8-gnu-toolchain/bin/../lib/gcc/avr/4.8.1/../../../../avr/lib/avr51\libm.a(divsf3.o)
                              src/sweep.o (__divsf3)
c:/program files (x86)/atmel/atmel toolchain/avr8 gcc/native/3.4.1061/avr8-gnu-toolchain/bin/../lib/gcc/avr/4.8.1/../../../../avr/lib/avr51\libm.a(divsf3x.o)
                              c:/program files (x86)/atmel/atmel toolchain/avr8 gcc/native/3.4.1061/avr8-gnu-toolchain/bin/../lib/gcc/avr/4.8.1/../../../../avr/lib/avr51\libm.a(divsf3.o) (__divsf3x)
c:/program files (x86)/atmel/atmel toolchain/avr8 gcc/native/3.4.1061/avr8-gnu-toolchain/bin/../lib/gcc/avr/4.8.1/../../../../avr/lib/avr51\libm.a(fixsfsi.o)
                              src/movement.o (__fixsfsi)
c:/program files (x86)/atmel/atmel toolchain/avr8 gcc/native/3.4.1061/avr8-gnu-toolchain/bin/../lib/gcc/avr/4.8.1/../../../../avr/lib/avr51\libm.a(fixunssfsi.o)
                              src/sweep.o (__fixunssfsi)
c:/program files (x86)/atmel/atmel toolchain/avr8 gcc/native/3.4.1061/avr8-gnu-toolchain/bin/../lib/gcc/avr/4.8.1/../../../../avr/lib/avr51\libm.a(floatsisf.o)
                              src/sweep.o (__floatunsisf)
c:/program files (x86)/atmel/atmel toolchain/avr8 gcc/native/3.4.1061/avr8-gnu-toolchain/bin/../lib/gcc/avr/4.8.1/../../../../avr/lib/avr51\libm.a(fp_cmp.o)
                              c:/program files (x86)/atmel/atmel toolchain/avr8 gcc/native/3.4.1061/avr8-gnu-toolchain/bin/../lib/gcc/avr/4.8.1/../../../../avr/lib/avr51\libm.a(cmpsf2.o) (__fp_cmp)
c:/program files (x86)/atmel/atmel toolchain/avr8 gcc/native/3.4.1061/avr8-gnu-toolchain/bin/../lib/gcc/avr/4.8.1/../../../../avr/lib/avr51\libm.a(fp_inf.o)
                              c:/program files (x86)/atmel/atmel toolchain/avr8 gcc/native/3.4.1061/avr8-gnu-toolchain/bin/../lib/gcc/avr/4.8.1/../../../../avr/lib/avr51\libm.a(addsf3x.o) (__fp_inf)
c:/program files (x86)/atmel/atmel toolchain/avr8 gcc/native/3.4.1061/avr8-gnu-toolchain/bin/../lib/gcc/avr/4.8.1/../../../../avr/lib/avr51\libm.a(fp_nan.o)
                              c:/program files (x86)/atmel/atmel toolchain/avr8 gcc/native/3.4.1061/avr8-gnu-toolchain/bin/../lib/gcc/avr/4.8.1/../../../../avr/lib/avr51\libm.a(addsf3x.o) (__fp_nan)
c:/program files (x86)/atmel/atmel toolchain/avr8 gcc/native/3.4.1061/avr8-gnu-toolchain/bin/../lib/gcc/avr/4.8.1/../../../../avr/lib/avr51\libm.a(fp_pscA.o)
                              c:/program files (x86)/atmel/atmel toolchain/avr8 gcc/native/3.4.1061/avr8-gnu-toolchain/bin/../lib/gcc/avr/4.8.1/../../../../avr/lib/avr51\libm.a(addsf3x.o) (__fp_pscA)
c:/program files (x86)/atmel/atmel toolchain/avr8 gcc/native/3.4.1061/avr8-gnu-toolchain/bin/../lib/gcc/avr/4.8.1/../../../../avr/lib/avr51\libm.a(fp_pscB.o)
                              c:/program files (x86)/atmel/atmel toolchain/avr8 gcc/native/3.4.1061/avr8-gnu-toolchain/bin/../lib/gcc/avr/4.8.1/../../../../avr/lib/avr51\libm.a(addsf3x.o) (__fp_pscB)
c:/program files (x86)/atmel/atmel toolchain/avr8 gcc/native/3.4.1061/avr8-gnu-toolchain/bin/../lib/gcc/avr/4.8.1/../../../../avr/lib/avr51\libm.a(fp_round.o)
                              c:/program files (x86)/atmel/atmel toolchain/avr8 gcc/native/3.4.1061/avr8-gnu-toolchain/bin/../lib/gcc/avr/4.8.1/../../../../avr/lib/avr51\libm.a(addsf3.o) (__fp_round)
c:/program files (x86)/atmel/atmel toolchain/avr8 gcc/native/3.4.1061/avr8-gnu-toolchain/bin/../lib/gcc/avr/4.8.1/../../../../avr/lib/avr51\libm.a(fp_split3.o)
                              c:/program files (x86)/atmel/atmel toolchain/avr8 gcc/native/3.4.1061/avr8-gnu-toolchain/bin/../lib/gcc/avr/4.8.1/../../../../avr/lib/avr51\libm.a(addsf3x.o) (__fp_split3)
c:/program files (x86)/atmel/atmel toolchain/avr8 gcc/native/3.4.1061/avr8-gnu-toolchain/bin/../lib/gcc/avr/4.8.1/../../../../avr/lib/avr51\libm.a(fp_zero.o)
                              c:/program files (x86)/atmel/atmel toolchain/avr8 gcc/native/3.4.1061/avr8-gnu-toolchain/bin/../lib/gcc/avr/4.8.1/../../../../avr/lib/avr51\libm.a(addsf3x.o) (__fp_zero)
[...]
Memory Configuration

Name             Origin             Length             Attributes
text             0x00000000         0x00020000         xr
data             0x00800100         0x0000ff00         rw !x
eeprom           0x00810000         0x00010000         rw !x
fuse             0x00820000         0x00000400         rw !x
lock             0x00830000         0x00000400         rw !x
signature        0x00840000         0x00000400         rw !x
user_signatures  0x00850000         0x00000400         rw !x
*default*        0x00000000         0xffffffff

Linker script and memory map

Address of section .data set to 0x800100
LOAD c:/program files (x86)/atmel/atmel toolchain/avr8 gcc/native/3.4.1061/avr8-gnu-toolchain/bin/../lib/gcc/avr/4.8.1/../../../../avr/lib/avr51/crtm128.o
LOAD src/lcd.o
LOAD src/movement.o
LOAD src/open_interface.o
LOAD src/sweep.o
LOAD src/util.o
LOAD src/ASF/mega/boards/stk600/rcx_x/init.o
LOAD src/main.o
START GROUP
LOAD c:/program files (x86)/atmel/atmel toolchain/avr8 gcc/native/3.4.1061/avr8-gnu-toolchain/bin/../lib/gcc/avr/4.8.1/../../../../avr/lib/avr51\libm.a
END GROUP
LOAD c:/program files (x86)/atmel/atmel toolchain/avr8 gcc/native/3.4.1061/avr8-gnu-toolchain/bin/../lib/gcc/avr/4.8.1/../../../../avr/lib/avr51\libprintf_flt.a
LOAD c:/program files (x86)/atmel/atmel toolchain/avr8 gcc/native/3.4.1061/avr8-gnu-toolchain/bin/../lib/gcc/avr/4.8.1/../../../../avr/lib/avr51\libm.a
START GROUP
LOAD c:/program files (x86)/atmel/atmel toolchain/avr8 gcc/native/3.4.1061/avr8-gnu-toolchain/bin/../lib/gcc/avr/4.8.1/avr51\libgcc.a
LOAD c:/program files (x86)/atmel/atmel toolchain/avr8 gcc/native/3.4.1061/avr8-gnu-toolchain/bin/../lib/gcc/avr/4.8.1/../../../../avr/lib/avr51\libm.a
LOAD c:/program files (x86)/atmel/atmel toolchain/avr8 gcc/native/3.4.1061/avr8-gnu-toolchain/bin/../lib/gcc/avr/4.8.1/../../../../avr/lib/avr51\libc.a
END GROUP

.hash
 *(.hash)

.dynsym
 *(.dynsym)

.dynstr
 *(.dynstr)

.gnu.version
 *(.gnu.version)

.gnu.version_d
 *(.gnu.version_d)

.gnu.version_r
 *(.gnu.version_r)

.rel.init
 *(.rel.init)

.rela.init
 *(.rela.init)

.rel.text
 *(.rel.text)
 *(.rel.text.*)
 *(.rel.gnu.linkonce.t*)

.rela.text
 *(.rela.text)
 *(.rela.text.*)
 *(.rela.gnu.linkonce.t*)

.rel.fini
 *(.rel.fini)

.rela.fini
 *(.rela.fini)

.rel.rodata
 *(.rel.rodata)
 *(.rel.rodata.*)
 *(.rel.gnu.linkonce.r*)

.rela.rodata
 *(.rela.rodata)
 *(.rela.rodata.*)
 *(.rela.gnu.linkonce.r*)

.rel.data
 *(.rel.data)
 *(.rel.data.*)
 *(.rel.gnu.linkonce.d*)

.rela.data
 *(.rela.data)
 *(.rela.data.*)
 *(.rela.gnu.linkonce.d*)

.rel.ctors
 *(.rel.ctors)

.rela.ctors
 *(.rela.ctors)

.rel.dtors
 *(.rel.dtors)

.rela.dtors
 *(.rela.dtors)

.rel.got
 *(.rel.got)

.rela.got
 *(.rela.got)

.rel.bss
 *(.rel.bss)

.rela.bss
 *(.rela.bss)

.rel.plt
 *(.rel.plt)

.rela.plt
 *(.rela.plt)

.text           0x00000000     0x2bfa
 *(.vectors)
 .vectors       0x00000000       0x8c c:/program files (x86)/atmel/atmel toolchain/avr8 gcc/native/3.4.1061/avr8-gnu-toolchain/bin/../lib/gcc/avr/4.8.1/../../../../avr/lib/avr51/crtm128.o
                0x00000000                __vector_default
                0x00000000                __vectors
 *(.vectors)
 *(.progmem.gcc*)
 .progmem.gcc_fplib
                0x0000008c       0x23 c:/program files (x86)/atmel/atmel toolchain/avr8 gcc/native/3.4.1061/avr8-gnu-toolchain/bin/../lib/gcc/avr/4.8.1/../../../../avr/lib/avr51\libm.a(tan.o)
 .progmem.gcc_fplib
                0x000000af       0x28 c:/program files (x86)/atmel/atmel toolchain/avr8 gcc/native/3.4.1061/avr8-gnu-toolchain/bin/../lib/gcc/avr/4.8.1/../../../../avr/lib/avr51\libm.a(exp.o)
 .progmem.gcc_fplib
                0x000000d7       0x5a c:/program files (x86)/atmel/atmel toolchain/avr8 gcc/native/3.4.1061/avr8-gnu-toolchain/bin/../lib/gcc/avr/4.8.1/../../../../avr/lib/avr51\libm.a(log.o)
                0x00000132                . = ALIGN (0x2)
 *fill*         0x00000131        0x1 
                0x00000132                __trampolines_start = .
 *(.trampolines)
 .trampolines   0x00000132        0x0 linker stubs
 *(.trampolines*)
                0x00000132                __trampolines_end = .
 *(.progmem*)
 .progmem.data  0x00000132        0x8 c:/program files (x86)/atmel/atmel toolchain/avr8 gcc/native/3.4.1061/avr8-gnu-toolchain/bin/../lib/gcc/avr/4.8.1/../../../../avr/lib/avr51\libprintf_flt.a(vfprintf_flt.o)
 .progmem.data  0x0000013a       0xfa c:/program files (x86)/atmel/atmel toolchain/avr8 gcc/native/3.4.1061/avr8-gnu-toolchain/bin/../lib/gcc/avr/4.8.1/../../../../avr/lib/avr51\libc.a(ftoa_engine.o)
                0x00000234                . = ALIGN (0x2)
 *(.jumptables)
 *(.jumptables*)
 *(.lowtext)
 *(.lowtext*)
                0x00000234                __ctors_start = .
 *(.ctors)
                0x00000234                __ctors_end = .
                0x00000234                __dtors_start = .
 *(.dtors)
                0x00000234                __dtors_end = .
 SORT(*)(.ctors)
 SORT(*)(.dtors)
 *(.init0)
 .init0         0x00000234        0x0 c:/program files (x86)/atmel/atmel toolchain/avr8 gcc/native/3.4.1061/avr8-gnu-toolchain/bin/../lib/gcc/avr/4.8.1/../../../../avr/lib/avr51/crtm128.o
                0x00000234                __init
 *(.init0)
 *(.init1)
 *(.init1)
 *(.init2)
 .init2         0x00000234        0xc c:/program files (x86)/atmel/atmel toolchain/avr8 gcc/native/3.4.1061/avr8-gnu-toolchain/bin/../lib/gcc/avr/4.8.1/../../../../avr/lib/avr51/crtm128.o
 *(.init2)
 *(.init3)
 *(.init3)
 *(.init4)
 .init4         0x00000240       0x1a c:/program files (x86)/atmel/atmel toolchain/avr8 gcc/native/3.4.1061/avr8-gnu-toolchain/bin/../lib/gcc/avr/4.8.1/avr51\libgcc.a(_copy_data.o)
                0x00000240                __do_copy_data
 .init4         0x0000025a       0x10 c:/program files (x86)/atmel/atmel toolchain/avr8 gcc/native/3.4.1061/avr8-gnu-toolchain/bin/../lib/gcc/avr/4.8.1/avr51\libgcc.a(_clear_bss.o)
                0x0000025a                __do_clear_bss
 *(.init4)
 *(.init5)
 *(.init5)
 *(.init6)
 *(.init6)
 *(.init7)
 *(.init7)
 *(.init8)
 *(.init8)
 *(.init9)
 .init9         0x0000026a        0x8 c:/program files (x86)/atmel/atmel toolchain/avr8 gcc/native/3.4.1061/avr8-gnu-toolchain/bin/../lib/gcc/avr/4.8.1/../../../../avr/lib/avr51/crtm128.o
 *(.init9)
 *(.text)
 .text          0x00000272        0x2 c:/program files (x86)/atmel/atmel toolchain/avr8 gcc/native/3.4.1061/avr8-gnu-toolchain/bin/../lib/gcc/avr/4.8.1/../../../../avr/lib/avr51/crtm128.o
                0x00000272                __vector_22
                0x00000272                __vector_28
                0x00000272                __vector_1
                0x00000272                __vector_32
                0x00000272                __vector_34
                0x00000272                __vector_24
                0x00000272                __vector_12
                0x00000272                __bad_interrupt
                0x00000272                __vector_6
                0x00000272                __vector_31
                0x00000272                __vector_3
                0x00000272                __vector_23
                0x00000272                __vector_30
                0x00000272                __vector_25
                0x00000272                __vector_13
                0x00000272                __vector_17
                0x00000272                __vector_19
                0x00000272                __vector_7
                0x00000272                __vector_27
                0x00000272                __vector_5
                0x00000272                __vector_33
                0x00000272                __vector_4
                0x00000272                __vector_2
                0x00000272                __vector_21
                0x00000272                __vector_15
                0x00000272                __vector_29
                0x00000272                __vector_8
                0x00000272                __vector_26
                0x00000272                __vector_14
                0x00000272                __vector_10
                0x00000272                __vector_16
                0x00000272                __vector_18
                0x00000272                __vector_20
                0x00000274                . = ALIGN (0x2)
 *(.text.*)
 .text.lcd_toggle_clear
                0x00000274       0x14 src/lcd.o
                0x00000274                lcd_toggle_clear
 .text.lcd_command
                0x00000288       0x2c src/lcd.o
                0x00000288                lcd_command
 .text.lcd_clear
                0x000002b4        0xc src/lcd.o
                0x000002b4                lcd_clear
 .text.lcd_home_line1
                0x000002c0        0x6 src/lcd.o
                0x000002c0                lcd_home_line1
 .text.lcd_init
                0x000002c6       0x6c src/lcd.o
                0x000002c6                lcd_init
 .text.lcd_home_line2
                0x00000332        0x6 src/lcd.o
                0x00000332                lcd_home_line2
 .text.lcd_home_line3
                0x00000338        0x6 src/lcd.o
                0x00000338                lcd_home_line3
 .text.lcd_home_line4
                0x0000033e        0x6 src/lcd.o
                0x0000033e                lcd_home_line4
 .text.lcd_putc
                0x00000344       0x28 src/lcd.o
                0x00000344                lcd_putc
 .text.lprintf  0x0000036c       0xf4 src/lcd.o
                0x0000036c                lprintf
 .text.careMove
                0x00000460       0x6c src/movement.o
                0x00000460                careMove
 .text.turn     0x000004cc       0xb6 src/movement.o
                0x000004cc                turn
 .text.oi_alloc
                0x00000582        0xe src/open_interface.o
                0x00000582                oi_alloc
 .text.oi_byte_tx
                0x00000590       0x10 src/open_interface.o
                0x00000590                oi_byte_tx
 .text.oi_set_leds
                0x000005a0       0x38 src/open_interface.o
                0x000005a0                oi_set_leds
 .text.oi_set_wheels
                0x000005d8       0x2e src/open_interface.o
                0x000005d8                oi_set_wheels
 .text.oi_load_song
                0x00000606       0x62 src/open_interface.o
                0x00000606                oi_load_song
 .text.oi_play_song
                0x00000668       0x10 src/open_interface.o
                0x00000668                oi_play_song
 .text.oi_byte_rx
                0x00000678       0x10 src/open_interface.o
                0x00000678                oi_byte_rx
 .text.oi_update
                0x00000688      0x1f2 src/open_interface.o
                0x00000688                oi_update
 .text.oi_init  0x0000087a       0x58 src/open_interface.o
                0x0000087a                oi_init
 .text.servo_init
                0x000008d2       0x1c src/sweep.o
                0x000008d2                servo_init
 .text.rotate_servo
                0x000008ee       0x82 src/sweep.o
                0x000008ee                rotate_servo
 .text.__vector_11
                0x00000970       0x52 src/sweep.o
                0x00000970                __vector_11
 .text.ping     0x000009c2       0x10 src/sweep.o
                0x000009c2                ping
 .text.read_sonar
                0x000009d2       0x28 src/sweep.o
                0x000009d2                read_sonar
 .text.sonar_start
                0x000009fa       0xd0 src/sweep.o
                0x000009fa                sonar_start
 .text.ADC_init
                0x00000aca        0xa src/sweep.o
                0x00000aca                ADC_init
 .text.init_all
                0x00000ad4        0x8 src/sweep.o
                0x00000ad4                init_all
 .text.ADC_read
                0x00000adc       0x14 src/sweep.o
                0x00000adc                ADC_read
 .text.infrared_start
                0x00000af0      0x13a src/sweep.o
                0x00000af0                infrared_start
 .text.read_the_rainbow
                0x00000c2a      0x114 src/sweep.o
                0x00000c2a                read_the_rainbow
 .text.obj_detect
                0x00000d3e      0x1b4 src/sweep.o
                0x00000d3e                obj_detect
 .text.print_objects
                0x00000ef2      0x132 src/sweep.o
                0x00000ef2                print_objects
 .text.sweep    0x00001024       0x18 src/sweep.o
                0x00001024                sweep
 .text.timer2_start
                0x0000103c       0x2a src/util.o
                0x0000103c                timer2_start
 .text.timer2_stop
                0x00001066        0xe src/util.o
                0x00001066                timer2_stop
 .text.wait_ms  0x00001074       0x2c src/util.o
                0x00001074                wait_ms
 .text.__vector_9
                0x000010a0       0x2e src/util.o
                0x000010a0                __vector_9
 .text.serial_init
                0x000010ce       0x18 src/util.o
                0x000010ce                serial_init
 .text.serial_putc
                0x000010e6        0x8 src/util.o
                0x000010e6                serial_putc
 .text.serial_puts
                0x000010ee       0x24 src/util.o
                0x000010ee                serial_puts
 .text.transmit_data
                0x00001112      0x160 src/util.o
                0x00001112                transmit_data
 .text.movement
                0x00001272      0x2ea src/util.o
                0x00001272                movement
 .text.board_init
                0x0000155c        0x2 src/ASF/mega/boards/stk600/rcx_x/init.o
                0x0000155c                board_init
 .text.main     0x0000155e       0xa4 src/main.o
                0x0000155e                main
 .text.avr-libc.fplib
                0x00001602        0xa c:/program files (x86)/atmel/atmel toolchain/avr8 gcc/native/3.4.1061/avr8-gnu-toolchain/bin/../lib/gcc/avr/4.8.1/../../../../avr/lib/avr51\libm.a(addsf3.o)
                0x00001602                __subsf3
                0x00001604                __addsf3
 .text.avr-libc.fplib
                0x0000160c       0xc0 c:/program files (x86)/atmel/atmel toolchain/avr8 gcc/native/3.4.1061/avr8-gnu-toolchain/bin/../lib/gcc/avr/4.8.1/../../../../avr/lib/avr51\libm.a(addsf3x.o)
                0x00001626                __addsf3x
 .text.avr-libc.fplib
                0x000016cc        0x8 c:/program files (x86)/atmel/atmel toolchain/avr8 gcc/native/3.4.1061/avr8-gnu-toolchain/bin/../lib/gcc/avr/4.8.1/../../../../avr/lib/avr51\libm.a(cmpsf2.o)
                0x000016cc                __nesf2
                0x000016cc                __eqsf2
                0x000016cc                __cmpsf2
                0x000016cc                __ltsf2
                0x000016cc                __lesf2
 .text.avr-libc.fplib
                0x000016d4        0x4 c:/program files (x86)/atmel/atmel toolchain/avr8 gcc/native/3.4.1061/avr8-gnu-toolchain/bin/../lib/gcc/avr/4.8.1/../../../../avr/lib/avr51\libm.a(divsf3.o)
                0x000016d4                __divsf3
 .text.avr-libc.fplib
                0x000016d8       0xcc c:/program files (x86)/atmel/atmel toolchain/avr8 gcc/native/3.4.1061/avr8-gnu-toolchain/bin/../lib/gcc/avr/4.8.1/../../../../avr/lib/avr51\libm.a(divsf3x.o)
                0x000016ee                __divsf3x
                0x000016f2                __divsf3_pse
 .text.avr-libc.fplib
                0x000017a4        0xa c:/program files (x86)/atmel/atmel toolchain/avr8 gcc/native/3.4.1061/avr8-gnu-toolchain/bin/../lib/gcc/avr/4.8.1/../../../../avr/lib/avr51\libm.a(fixsfsi.o)
                0x000017a4                __fixsfsi
 .text.avr-libc.fplib
                0x000017ae       0x58 c:/program files (x86)/atmel/atmel toolchain/avr8 gcc/native/3.4.1061/avr8-gnu-toolchain/bin/../lib/gcc/avr/4.8.1/../../../../avr/lib/avr51\libm.a(fixunssfsi.o)
                0x000017ae                __fixunssfsi
 .text.avr-libc.fplib
                0x00001806       0x7a c:/program files (x86)/atmel/atmel toolchain/avr8 gcc/native/3.4.1061/avr8-gnu-toolchain/bin/../lib/gcc/avr/4.8.1/../../../../avr/lib/avr51\libm.a(floatsisf.o)
                0x00001806                __floatunsisf
                0x0000180a                __floatsisf
 .text.avr-libc.fplib
                0x00001880       0x48 c:/program files (x86)/atmel/atmel toolchain/avr8 gcc/native/3.4.1061/avr8-gnu-toolchain/bin/../lib/gcc/avr/4.8.1/../../../../avr/lib/avr51\libm.a(fp_cmp.o)
                0x00001880                __fp_cmp
 .text.avr-libc.fplib
                0x000018c8        0xc c:/program files (x86)/atmel/atmel toolchain/avr8 gcc/native/3.4.1061/avr8-gnu-toolchain/bin/../lib/gcc/avr/4.8.1/../../../../avr/lib/avr51\libm.a(fp_inf.o)
                0x000018c8                __fp_inf
 .text.avr-libc.fplib
                0x000018d4        0x6 c:/program files (x86)/atmel/atmel toolchain/avr8 gcc/native/3.4.1061/avr8-gnu-toolchain/bin/../lib/gcc/avr/4.8.1/../../../../avr/lib/avr51\libm.a(fp_nan.o)
                0x000018d4                __fp_nan
 .text.avr-libc.fplib
                0x000018da        0xe c:/program files (x86)/atmel/atmel toolchain/avr8 gcc/native/3.4.1061/avr8-gnu-toolchain/bin/../lib/gcc/avr/4.8.1/../../../../avr/lib/avr51\libm.a(fp_pscA.o)
                0x000018da                __fp_pscA
 .text.avr-libc.fplib
                0x000018e8        0xe c:/program files (x86)/atmel/atmel toolchain/avr8 gcc/native/3.4.1061/avr8-gnu-toolchain/bin/../lib/gcc/avr/4.8.1/../../../../avr/lib/avr51\libm.a(fp_pscB.o)
                0x000018e8                __fp_pscB
 .text.avr-libc.fplib
                0x000018f6       0x22 c:/program files (x86)/atmel/atmel toolchain/avr8 gcc/native/3.4.1061/avr8-gnu-toolchain/bin/../lib/gcc/avr/4.8.1/../../../../avr/lib/avr51\libm.a(fp_round.o)
                0x000018f6                __fp_round
 .text.avr-libc.fplib
                0x00001918       0x44 c:/program files (x86)/atmel/atmel toolchain/avr8 gcc/native/3.4.1061/avr8-gnu-toolchain/bin/../lib/gcc/avr/4.8.1/../../../../avr/lib/avr51\libm.a(fp_split3.o)
                0x00001918                __fp_split3
                0x00001928                __fp_splitA
 .text.avr-libc.fplib
                0x0000195c        0xe c:/program files (x86)/atmel/atmel toolchain/avr8 gcc/native/3.4.1061/avr8-gnu-toolchain/bin/../lib/gcc/avr/4.8.1/../../../../avr/lib/avr51\libm.a(fp_zero.o)
                0x0000195c                __fp_zero
                0x0000195e                __fp_szero
 .text.avr-libc.fplib
                0x0000196a        0x4 c:/program files (x86)/atmel/atmel toolchain/avr8 gcc/native/3.4.1061/avr8-gnu-toolchain/bin/../lib/gcc/avr/4.8.1/../../../../avr/lib/avr51\libm.a(mulsf3.o)
                0x0000196a                __mulsf3
 .text.avr-libc.fplib
                0x0000196e       0xc2 c:/program files (x86)/atmel/atmel toolchain/avr8 gcc/native/3.4.1061/avr8-gnu-toolchain/bin/../lib/gcc/avr/4.8.1/../../../../avr/lib/avr51\libm.a(mulsf3x.o)
                0x00001982                __mulsf3x
                0x00001986                __mulsf3_pse
 .text.avr-libc.fplib
                0x00001a30       0x98 c:/program files (x86)/atmel/atmel toolchain/avr8 gcc/native/3.4.1061/avr8-gnu-toolchain/bin/../lib/gcc/avr/4.8.1/../../../../avr/lib/avr51\libm.a(pow.o)
                0x00001a30                pow
 .text.avr-libc.fplib
                0x00001ac8       0x40 c:/program files (x86)/atmel/atmel toolchain/avr8 gcc/native/3.4.1061/avr8-gnu-toolchain/bin/../lib/gcc/avr/4.8.1/../../../../avr/lib/avr51\libm.a(tan.o)
                0x00001ac8                tan
 .text.avr-libc.fplib
                0x00001b08       0x62 c:/program files (x86)/atmel/atmel toolchain/avr8 gcc/native/3.4.1061/avr8-gnu-toolchain/bin/../lib/gcc/avr/4.8.1/../../../../avr/lib/avr51\libm.a(exp.o)
                0x00001b12                exp
 .text.avr-libc.fplib
                0x00001b6a       0x4a c:/program files (x86)/atmel/atmel toolchain/avr8 gcc/native/3.4.1061/avr8-gnu-toolchain/bin/../lib/gcc/avr/4.8.1/../../../../avr/lib/avr51\libm.a(fp_powser.o)
                0x00001b6a                __fp_powser
 .text.avr-libc.fplib
                0x00001bb4       0x22 c:/program files (x86)/atmel/atmel toolchain/avr8 gcc/native/3.4.1061/avr8-gnu-toolchain/bin/../lib/gcc/avr/4.8.1/../../../../avr/lib/avr51\libm.a(fp_powsodd.o)
                0x00001bb4                __fp_powsodd
 .text.avr-libc.fplib
                0x00001bd6       0x50 c:/program files (x86)/atmel/atmel toolchain/avr8 gcc/native/3.4.1061/avr8-gnu-toolchain/bin/../lib/gcc/avr/4.8.1/../../../../avr/lib/avr51\libm.a(fp_rempio2.o)
                0x00001bd8                __fp_rempio2
 .text.avr-libc.fplib
                0x00001c26        0xe c:/program files (x86)/atmel/atmel toolchain/avr8 gcc/native/3.4.1061/avr8-gnu-toolchain/bin/../lib/gcc/avr/4.8.1/../../../../avr/lib/avr51\libm.a(inverse.o)
                0x00001c26                inverse
 .text.avr-libc.fplib
                0x00001c34       0x6c c:/program files (x86)/atmel/atmel toolchain/avr8 gcc/native/3.4.1061/avr8-gnu-toolchain/bin/../lib/gcc/avr/4.8.1/../../../../avr/lib/avr51\libm.a(ldexp.o)
                0x00001c38                ldexp
 .text.avr-libc.fplib
                0x00001ca0       0x8a c:/program files (x86)/atmel/atmel toolchain/avr8 gcc/native/3.4.1061/avr8-gnu-toolchain/bin/../lib/gcc/avr/4.8.1/../../../../avr/lib/avr51\libm.a(log.o)
                0x00001caa                log
 .text.avr-libc.fplib
                0x00001d2a       0x66 c:/program files (x86)/atmel/atmel toolchain/avr8 gcc/native/3.4.1061/avr8-gnu-toolchain/bin/../lib/gcc/avr/4.8.1/../../../../avr/lib/avr51\libm.a(modf.o)
                0x00001d2a                modf
                0x00001d2a                modff
 .text.avr-libc.fplib
                0x00001d90       0x1c c:/program files (x86)/atmel/atmel toolchain/avr8 gcc/native/3.4.1061/avr8-gnu-toolchain/bin/../lib/gcc/avr/4.8.1/../../../../avr/lib/avr51\libm.a(fp_mpack.o)
                0x00001d90                __fp_mpack
                0x00001d94                __fp_mpack_finite
 .text.avr-libc
                0x00001dac      0x70e c:/program files (x86)/atmel/atmel toolchain/avr8 gcc/native/3.4.1061/avr8-gnu-toolchain/bin/../lib/gcc/avr/4.8.1/../../../../avr/lib/avr51\libprintf_flt.a(vfprintf_flt.o)
                0x00001dac                vfprintf
 .text.libgcc.div
                0x000024ba       0x26 c:/program files (x86)/atmel/atmel toolchain/avr8 gcc/native/3.4.1061/avr8-gnu-toolchain/bin/../lib/gcc/avr/4.8.1/avr51\libgcc.a(_divmodhi4.o)
                0x000024ba                _div
                0x000024ba                __divmodhi4
 .text.libgcc.div
                0x000024e0       0x44 c:/program files (x86)/atmel/atmel toolchain/avr8 gcc/native/3.4.1061/avr8-gnu-toolchain/bin/../lib/gcc/avr/4.8.1/avr51\libgcc.a(_udivmodsi4.o)
                0x000024e0                __udivmodsi4
 .text.libgcc.mul
                0x00002524       0x1e c:/program files (x86)/atmel/atmel toolchain/avr8 gcc/native/3.4.1061/avr8-gnu-toolchain/bin/../lib/gcc/avr/4.8.1/avr51\libgcc.a(_umulhisi3.o)
                0x00002524                __umulhisi3
 .text.libgcc.mul
                0x00002542       0x14 c:/program files (x86)/atmel/atmel toolchain/avr8 gcc/native/3.4.1061/avr8-gnu-toolchain/bin/../lib/gcc/avr/4.8.1/avr51\libgcc.a(_muluhisi3.o)
                0x00002542                __muluhisi3
 .text.libgcc.div
                0x00002556       0x28 c:/program files (x86)/atmel/atmel toolchain/avr8 gcc/native/3.4.1061/avr8-gnu-toolchain/bin/../lib/gcc/avr/4.8.1/avr51\libgcc.a(_udivmodhi4.o)
                0x00002556                __udivmodhi4
 .text.avr-libc
                0x0000257e       0x34 c:/program files (x86)/atmel/atmel toolchain/avr8 gcc/native/3.4.1061/avr8-gnu-toolchain/bin/../lib/gcc/avr/4.8.1/../../../../avr/lib/avr51\libc.a(calloc.o)
                0x0000257e                calloc
 .text.avr-libc
                0x000025b2      0x24e c:/program files (x86)/atmel/atmel toolchain/avr8 gcc/native/3.4.1061/avr8-gnu-toolchain/bin/../lib/gcc/avr/4.8.1/../../../../avr/lib/avr51\libc.a(malloc.o)
                0x000025b2                malloc
                0x000026e2                free
 .text.avr-libc
                0x00002800      0x1b0 c:/program files (x86)/atmel/atmel toolchain/avr8 gcc/native/3.4.1061/avr8-gnu-toolchain/bin/../lib/gcc/avr/4.8.1/../../../../avr/lib/avr51\libc.a(ftoa_engine.o)
                0x00002800                __ftoa_engine
 .text.avr-libc
                0x000029b0       0x16 c:/program files (x86)/atmel/atmel toolchain/avr8 gcc/native/3.4.1061/avr8-gnu-toolchain/bin/../lib/gcc/avr/4.8.1/../../../../avr/lib/avr51\libc.a(strnlen_P.o)
                0x000029b0                strnlen_P
 .text.avr-libc
                0x000029c6        0xe c:/program files (x86)/atmel/atmel toolchain/avr8 gcc/native/3.4.1061/avr8-gnu-toolchain/bin/../lib/gcc/avr/4.8.1/../../../../avr/lib/avr51\libc.a(memset.o)
                0x000029c6                memset
 .text.avr-libc
                0x000029d4       0x12 c:/program files (x86)/atmel/atmel toolchain/avr8 gcc/native/3.4.1061/avr8-gnu-toolchain/bin/../lib/gcc/avr/4.8.1/../../../../avr/lib/avr51\libc.a(strcmp.o)
                0x000029d4                strcmp
 .text.avr-libc
                0x000029e6        0xe c:/program files (x86)/atmel/atmel toolchain/avr8 gcc/native/3.4.1061/avr8-gnu-toolchain/bin/../lib/gcc/avr/4.8.1/../../../../avr/lib/avr51\libc.a(strcpy.o)
                0x000029e6                strcpy
 .text.avr-libc
                0x000029f4       0x16 c:/program files (x86)/atmel/atmel toolchain/avr8 gcc/native/3.4.1061/avr8-gnu-toolchain/bin/../lib/gcc/avr/4.8.1/../../../../avr/lib/avr51\libc.a(strnlen.o)
                0x000029f4                strnlen
 .text.avr-libc
                0x00002a0a       0x64 c:/program files (x86)/atmel/atmel toolchain/avr8 gcc/native/3.4.1061/avr8-gnu-toolchain/bin/../lib/gcc/avr/4.8.1/../../../../avr/lib/avr51\libc.a(fputc.o)
                0x00002a0a                fputc
 .text.avr-libc
                0x00002a6e       0x5c c:/program files (x86)/atmel/atmel toolchain/avr8 gcc/native/3.4.1061/avr8-gnu-toolchain/bin/../lib/gcc/avr/4.8.1/../../../../avr/lib/avr51\libc.a(sprintf.o)
                0x00002a6e                sprintf
 .text.avr-libc
                0x00002aca       0x70 c:/program files (x86)/atmel/atmel toolchain/avr8 gcc/native/3.4.1061/avr8-gnu-toolchain/bin/../lib/gcc/avr/4.8.1/../../../../avr/lib/avr51\libc.a(vsnprintf.o)
                0x00002aca                vsnprintf
 .text.avr-libc
                0x00002b3a       0xbc c:/program files (x86)/atmel/atmel toolchain/avr8 gcc/native/3.4.1061/avr8-gnu-toolchain/bin/../lib/gcc/avr/4.8.1/../../../../avr/lib/avr51\libc.a(ultoa_invert.o)
                0x00002b3a                __ultoa_invert
                0x00002bf6                . = ALIGN (0x2)
 *(.fini9)
 .fini9         0x00002bf6        0x0 c:/program files (x86)/atmel/atmel toolchain/avr8 gcc/native/3.4.1061/avr8-gnu-toolchain/bin/../lib/gcc/avr/4.8.1/avr51\libgcc.a(_exit.o)
                0x00002bf6                _exit
                0x00002bf6                exit
 *(.fini9)
 *(.fini8)
 *(.fini8)
 *(.fini7)
 *(.fini7)
 *(.fini6)
 *(.fini6)
 *(.fini5)
 *(.fini5)
 *(.fini4)
 *(.fini4)
 *(.fini3)
 *(.fini3)
 *(.fini2)
 *(.fini2)
 *(.fini1)
 *(.fini1)
 *(.fini0)
 .fini0         0x00002bf6        0x4 c:/program files (x86)/atmel/atmel toolchain/avr8 gcc/native/3.4.1061/avr8-gnu-toolchain/bin/../lib/gcc/avr/4.8.1/avr51\libgcc.a(_exit.o)
 *(.fini0)
                0x00002bfa                _etext = .

.data           0x00800100      0x10c load address 0x00002bfa
                0x00800100                PROVIDE (__data_start, .)
 *(.data)
 .data          0x00800100        0x6 c:/program files (x86)/atmel/atmel toolchain/avr8 gcc/native/3.4.1061/avr8-gnu-toolchain/bin/../lib/gcc/avr/4.8.1/../../../../avr/lib/avr51\libc.a(malloc.o)
                0x00800100                __malloc_heap_end
                0x00800102                __malloc_heap_start
                0x00800104                __malloc_margin
 *(.data*)
 .data.min      0x00800106        0x2 src/sweep.o
                0x00800106                min
 .data.max      0x00800108        0x2 src/sweep.o
                0x00800108                max
 *(.rodata)
 .rodata        0x0080010a       0x12 src/main.o
 *(.rodata*)
 .rodata.str1.1
                0x00000000        0x0 src/movement.o
                                  0x3 (size before relaxing)
 .rodata.str1.1
                0x0080011c       0x39 src/sweep.o
 .rodata.str1.1
                0x00800155       0xb3 src/util.o
                                 0xb9 (size before relaxing)
 .rodata.str1.1
                0x00800208        0x3 src/main.o
 *(.gnu.linkonce.d*)
                0x0080020c                . = ALIGN (0x2)
 *fill*         0x0080020b        0x1 
                0x0080020c                _edata = .
                0x0080020c                PROVIDE (__data_end, .)

.bss            0x0080020c      0x68b
                0x0080020c                PROVIDE (__bss_start, .)
 *(.bss)
 *(.bss*)
 .bss.lastbuffer.2082
                0x0080020c       0x51 src/lcd.o
 .bss.read_filter
                0x0080025d        0x4 src/sweep.o
                0x0080025d                read_filter
 .bss.read_old  0x00800261        0x4 src/sweep.o
                0x00800261                read_old
 .bss.old       0x00800265        0x4 src/sweep.o
                0x00800265                old
 .bss.inf_filtered
                0x00800269        0x4 src/sweep.o
                0x00800269                inf_filtered
 .bss.sonar_distance
                0x0080026d        0x4 src/sweep.o
                0x0080026d                sonar_distance
 .bss.num_overflows
                0x00800271        0x2 src/sweep.o
                0x00800271                num_overflows
 .bss.update_flag
                0x00800273        0x2 src/sweep.o
                0x00800273                update_flag
 .bss.current_time
                0x00800275        0x2 src/sweep.o
                0x00800275                current_time
 .bss.last_time
                0x00800277        0x2 src/sweep.o
                0x00800277                last_time
 .bss.obj_count
                0x00800279        0x2 src/sweep.o
                0x00800279                obj_count
 .bss.degrees   0x0080027b        0x4 src/sweep.o
                0x0080027b                degrees
 *(COMMON)
 COMMON         0x0080027f      0x612 src/sweep.o
                0x0080027f                reading_rainbow
                0x00800827                time_diff
                0x0080082b                inf_distance
                0x0080082f                read
                0x00800831                obj_rainbow
 COMMON         0x00800891        0x2 src/util.o
                0x00800891                timer2_tick
 COMMON         0x00800893        0x4 c:/program files (x86)/atmel/atmel toolchain/avr8 gcc/native/3.4.1061/avr8-gnu-toolchain/bin/../lib/gcc/avr/4.8.1/../../../../avr/lib/avr51\libc.a(malloc.o)
                0x00800893                __brkval
                0x00800895                __flp
                0x00800897                PROVIDE (__bss_end, .)
                0x00002bfa                __data_load_start = LOADADDR (.data)
                0x00002d06                __data_load_end = (__data_load_start + SIZEOF (.data))

.noinit         0x00800897        0x0
                0x00800897                PROVIDE (__noinit_start, .)
 *(.noinit*)
                0x00800897                PROVIDE (__noinit_end, .)
                0x00800897                _end = .
                0x00800897                PROVIDE (__heap_start, .)

.eeprom         0x00810000        0x0
 *(.eeprom*)
                0x00810000                __eeprom_end = .

.fuse
 *(.fuse)
 *(.lfuse)
 *(.hfuse)
 *(.efuse)

.lock
 *(.lock*)

.signature
 *(.signature*)

.user_signatures
 *(.user_signatures*)

.stab
 *(.stab)

.stabstr
 *(.stabstr)

.stab.excl
 *(.stab.excl)

.stab.exclstr
 *(.stab.exclstr)

.stab.index
 *(.stab.index)

.stab.indexstr
 *(.stab.indexstr)

.comment        0x00000000       0x5c
 *(.comment)
 .comment       0x00000000       0x30 src/lcd.o
                                 0x31 (size before relaxing)
 .comment       0x00000000       0x31 src/movement.o
 .comment       0x00000000       0x31 src/open_interface.o
 .comment       0x00000000       0x31 src/sweep.o
 .comment       0x00000000       0x31 src/util.o
 .comment       0x00000000       0x31 src/ASF/mega/boards/stk600/rcx_x/init.o
 .comment       0x00000000       0x31 src/main.o
 .comment       0x00000030       0x2c c:/program files (x86)/atmel/atmel toolchain/avr8 gcc/native/3.4.1061/avr8-gnu-toolchain/bin/../lib/gcc/avr/4.8.1/../../../../avr/lib/avr51\libprintf_flt.a(vfprintf_flt.o)
                                 0x2d (size before relaxing)
 .comment       0x00000000       0x31 c:/program files (x86)/atmel/atmel toolchain/avr8 gcc/native/3.4.1061/avr8-gnu-toolchain/bin/../lib/gcc/avr/4.8.1/../../../../avr/lib/avr51\libc.a(calloc.o)
 .comment       0x00000000       0x31 c:/program files (x86)/atmel/atmel toolchain/avr8 gcc/native/3.4.1061/avr8-gnu-toolchain/bin/../lib/gcc/avr/4.8.1/../../../../avr/lib/avr51\libc.a(malloc.o)
 .comment       0x00000000       0x31 c:/program files (x86)/atmel/atmel toolchain/avr8 gcc/native/3.4.1061/avr8-gnu-toolchain/bin/../lib/gcc/avr/4.8.1/../../../../avr/lib/avr51\libc.a(fputc.o)
 .comment       0x00000000       0x31 c:/program files (x86)/atmel/atmel toolchain/avr8 gcc/native/3.4.1061/avr8-gnu-toolchain/bin/../lib/gcc/avr/4.8.1/../../../../avr/lib/avr51\libc.a(sprintf.o)
 .comment       0x00000000       0x31 c:/program files (x86)/atmel/atmel toolchain/avr8 gcc/native/3.4.1061/avr8-gnu-toolchain/bin/../lib/gcc/avr/4.8.1/../../../../avr/lib/avr51\libc.a(vsnprintf.o)

.note.gnu.build-id
 *(.note.gnu.build-id)

.debug
 *(.debug)

.line
 *(.line)

.debug_srcinfo
 *(.debug_srcinfo)

.debug_sfnames
 *(.debug_sfnames)

.debug_aranges  0x00000000      0x2a0
 *(.debug_aranges)
 .debug_aranges
                0x00000000       0x80 src/lcd.o
 .debug_aranges
                0x00000080       0x30 src/movement.o
 .debug_aranges
                0x000000b0       0x70 src/open_interface.o
 .debug_aranges
                0x00000120       0xa8 src/sweep.o
 .debug_aranges
                0x000001c8       0x98 src/util.o
 .debug_aranges
                0x00000260       0x20 src/ASF/mega/boards/stk600/rcx_x/init.o
 .debug_aranges
                0x00000280       0x20 src/main.o

.debug_pubnames
 *(.debug_pubnames)

.debug_info     0x00000000     0x33fc
 *(.debug_info .gnu.linkonce.wi.*)
 .debug_info    0x00000000      0x622 src/lcd.o
 .debug_info    0x00000622      0x607 src/movement.o
 .debug_info    0x00000c29      0x8a2 src/open_interface.o
 .debug_info    0x000014cb      0x9c1 src/sweep.o
 .debug_info    0x00001e8c      0xec5 src/util.o
 .debug_info    0x00002d51       0x7c src/ASF/mega/boards/stk600/rcx_x/init.o
 .debug_info    0x00002dcd      0x62f src/main.o

.debug_abbrev   0x00000000      0xb93
 *(.debug_abbrev)
 .debug_abbrev  0x00000000      0x196 src/lcd.o
 .debug_abbrev  0x00000196      0x148 src/movement.o
 .debug_abbrev  0x000002de      0x192 src/open_interface.o
 .debug_abbrev  0x00000470      0x2fc src/sweep.o
 .debug_abbrev  0x0000076c      0x281 src/util.o
 .debug_abbrev  0x000009ed       0x47 src/ASF/mega/boards/stk600/rcx_x/init.o
 .debug_abbrev  0x00000a34      0x15f src/main.o

.debug_line     0x00000000     0x229b
 *(.debug_line .debug_line.* .debug_line_end)
 .debug_line    0x00000000      0x518 src/lcd.o
 .debug_line    0x00000518      0x355 src/movement.o
 .debug_line    0x0000086d      0x506 src/open_interface.o
 .debug_line    0x00000d73      0x714 src/sweep.o
 .debug_line    0x00001487      0x724 src/util.o
 .debug_line    0x00001bab      0x339 src/ASF/mega/boards/stk600/rcx_x/init.o
 .debug_line    0x00001ee4      0x3b7 src/main.o

.debug_frame    0x00000000      0x818
 *(.debug_frame)
 .debug_frame   0x00000000      0x144 src/lcd.o
 .debug_frame   0x00000144       0xbc src/movement.o
 .debug_frame   0x00000200      0x15c src/open_interface.o
 .debug_frame   0x0000035c      0x2e4 src/sweep.o
 .debug_frame   0x00000640      0x180 src/util.o
 .debug_frame   0x000007c0       0x24 src/ASF/mega/boards/stk600/rcx_x/init.o
 .debug_frame   0x000007e4       0x34 src/main.o

.debug_str      0x00000000    0x12001
 *(.debug_str)
 .debug_str     0x00000000     0x79df src/lcd.o
                               0x7b15 (size before relaxing)
 .debug_str     0x000079df      0x6be src/movement.o
                               0x7554 (size before relaxing)
 .debug_str     0x0000809d       0xe0 src/open_interface.o
                               0x7647 (size before relaxing)
 .debug_str     0x0000817d      0x62c src/sweep.o
                               0x7fe7 (size before relaxing)
 .debug_str     0x000087a9      0x10b src/util.o
                               0x7e2c (size before relaxing)
 .debug_str     0x000088b4     0x96ff src/ASF/mega/boards/stk600/rcx_x/init.o
                              0x1092a (size before relaxing)
 .debug_str     0x00011fb3       0x4e src/main.o
                              0x110c9 (size before relaxing)

.debug_loc      0x00000000     0x1943
 *(.debug_loc)
 .debug_loc     0x00000000      0x34d src/lcd.o
 .debug_loc     0x0000034d      0x3f2 src/movement.o
 .debug_loc     0x0000073f      0x533 src/open_interface.o
 .debug_loc     0x00000c72      0x92f src/sweep.o
 .debug_loc     0x000015a1      0x35b src/util.o
 .debug_loc     0x000018fc       0x47 src/main.o

.debug_macinfo
 *(.debug_macinfo)

.debug_weaknames
 *(.debug_weaknames)

.debug_funcnames
 *(.debug_funcnames)

.debug_typenames
 *(.debug_typenames)

.debug_varnames
 *(.debug_varnames)

.debug_pubtypes
 *(.debug_pubtypes)

.debug_ranges   0x00000000      0x230
 *(.debug_ranges)
 .debug_ranges  0x00000000       0x70 src/lcd.o
 .debug_ranges  0x00000070       0x20 src/movement.o
 .debug_ranges  0x00000090       0x60 src/open_interface.o
 .debug_ranges  0x000000f0       0x98 src/sweep.o
 .debug_ranges  0x00000188       0x88 src/util.o
 .debug_ranges  0x00000210       0x10 src/ASF/mega/boards/stk600/rcx_x/init.o
 .debug_ranges  0x00000220       0x10 src/main.o

.debug_macro    0x00000000     0x448d
 *(.debug_macro)
 .debug_macro   0x00000000      0x147 src/lcd.o
 .debug_macro   0x00000147      0xa48 src/lcd.o
 .debug_macro   0x00000b8f       0x10 src/lcd.o
 .debug_macro   0x00000b9f      0x1ad src/lcd.o
 .debug_macro   0x00000d4c      0x293 src/lcd.o
 .debug_macro   0x00000fdf       0x9e src/lcd.o
 .debug_macro   0x0000107d     0x149b src/lcd.o
 .debug_macro   0x00002518      0x203 src/lcd.o
 .debug_macro   0x0000271b       0xcb src/lcd.o
 .debug_macro   0x000027e6       0x34 src/lcd.o
 .debug_macro   0x0000281a       0x18 src/lcd.o
 .debug_macro   0x00002832       0x6c src/lcd.o
 .debug_macro   0x0000289e       0x1c src/lcd.o
 .debug_macro   0x000028ba      0x10e src/lcd.o
 .debug_macro   0x000029c8       0x66 src/lcd.o
 .debug_macro   0x00002a2e       0x58 src/lcd.o
 .debug_macro   0x00002a86       0x10 src/lcd.o
 .debug_macro   0x00002a96       0x20 src/lcd.o
 .debug_macro   0x00002ab6       0xeb src/lcd.o
 .debug_macro   0x00002ba1       0x16 src/lcd.o
 .debug_macro   0x00002bb7      0x130 src/lcd.o
 .debug_macro   0x00002ce7       0xad src/movement.o
 .debug_macro   0x00002d94       0x10 src/movement.o
 .debug_macro   0x00002da4       0xaa src/movement.o
 .debug_macro   0x00002e4e      0x124 src/movement.o
 .debug_macro   0x00002f72      0x16d src/movement.o
 .debug_macro   0x000030df       0xab src/open_interface.o
 .debug_macro   0x0000318a      0x11d src/sweep.o
 .debug_macro   0x000032a7       0x97 src/sweep.o
 .debug_macro   0x0000333e       0x10 src/sweep.o
 .debug_macro   0x0000334e       0x69 src/sweep.o
 .debug_macro   0x000033b7      0x100 src/util.o
 .debug_macro   0x000034b7       0x16 src/util.o
 .debug_macro   0x000034cd      0x134 src/ASF/mega/boards/stk600/rcx_x/init.o
 .debug_macro   0x00003601       0x22 src/ASF/mega/boards/stk600/rcx_x/init.o
 .debug_macro   0x00003623      0x166 src/ASF/mega/boards/stk600/rcx_x/init.o
 .debug_macro   0x00003789       0x35 src/ASF/mega/boards/stk600/rcx_x/init.o
 .debug_macro   0x000037be      0x5db src/ASF/mega/boards/stk600/rcx_x/init.o
 .debug_macro   0x00003d99       0x44 src/ASF/mega/boards/stk600/rcx_x/init.o
 .debug_macro   0x00003ddd       0x2c src/ASF/mega/boards/stk600/rcx_x/init.o
 .debug_macro   0x00003e09       0x10 src/ASF/mega/boards/stk600/rcx_x/init.o
 .debug_macro   0x00003e19      0x175 src/ASF/mega/boards/stk600/rcx_x/init.o
 .debug_macro   0x00003f8e       0x40 src/ASF/mega/boards/stk600/rcx_x/init.o
 .debug_macro   0x00003fce      0x100 src/ASF/mega/boards/stk600/rcx_x/init.o
 .debug_macro   0x000040ce      0x26c src/ASF/mega/boards/stk600/rcx_x/init.o
 .debug_macro   0x0000433a      0x153 src/main.o
OUTPUT(GccBoardProject1.elf elf32-avr)
LOAD linker stubs
